{
    "error": "Unhandled exception during processing: Invalid json output: ```\njson\n{\n    \"Section\": 1,\n    \"Feedback\": \"The student shows a lack of understanding of the functions of a network interface card.\"\n}\n```\nFor troubleshooting, visit: https://python.langchain.com/docs/troubleshooting/errors/OUTPUT_PARSING_FAILURE ",
    "trace": "Traceback (most recent call last):\n  File \"C:\\Users\\Admin\\Desktop\\School\\COMP3901\\capstone\\backend\\rag\\venv\\Lib\\site-packages\\langchain_core\\output_parsers\\json.py\", line 86, in parse_result\n    return parse_json_markdown(text)\n           ^^^^^^^^^^^^^^^^^^^^^^^^^\n  File \"C:\\Users\\Admin\\Desktop\\School\\COMP3901\\capstone\\backend\\rag\\venv\\Lib\\site-packages\\langchain_core\\utils\\json.py\", line 150, in parse_json_markdown\n    return _parse_json(json_str, parser=parser)\n           ^^^^^^^^^^^^^^^^^^^^^^^^^^^^^^^^^^^^\n  File \"C:\\Users\\Admin\\Desktop\\School\\COMP3901\\capstone\\backend\\rag\\venv\\Lib\\site-packages\\langchain_core\\utils\\json.py\", line 166, in _parse_json\n    return parser(json_str)\n           ^^^^^^^^^^^^^^^^\n  File \"C:\\Users\\Admin\\Desktop\\School\\COMP3901\\capstone\\backend\\rag\\venv\\Lib\\site-packages\\langchain_core\\utils\\json.py\", line 123, in parse_partial_json\n    return json.loads(s, strict=strict)\n           ^^^^^^^^^^^^^^^^^^^^^^^^^^^^\n  File \"C:\\Users\\Admin\\AppData\\Local\\Programs\\Python\\Python312\\Lib\\json\\__init__.py\", line 359, in loads\n    return cls(**kw).decode(s)\n           ^^^^^^^^^^^^^^^^^^^\n  File \"C:\\Users\\Admin\\AppData\\Local\\Programs\\Python\\Python312\\Lib\\json\\decoder.py\", line 338, in decode\n    obj, end = self.raw_decode(s, idx=_w(s, 0).end())\n               ^^^^^^^^^^^^^^^^^^^^^^^^^^^^^^^^^^^^^^\n  File \"C:\\Users\\Admin\\AppData\\Local\\Programs\\Python\\Python312\\Lib\\json\\decoder.py\", line 356, in raw_decode\n    raise JSONDecodeError(\"Expecting value\", s, err.value) from None\njson.decoder.JSONDecodeError: Expecting value: line 1 column 1 (char 0)\n\nThe above exception was the direct cause of the following exception:\n\nTraceback (most recent call last):\n  File \"C:\\Users\\Admin\\Desktop\\School\\COMP3901\\capstone\\backend\\rag\\main.py\", line 337, in <module>\n    raw_output = generate_feedback(feedback_texts)\n                 ^^^^^^^^^^^^^^^^^^^^^^^^^^^^^^^^^\n  File \"C:\\Users\\Admin\\Desktop\\School\\COMP3901\\capstone\\backend\\rag\\main.py\", line 147, in generate_feedback\n    return chain.invoke({\"formatted_question\": formatted_question})\n           ^^^^^^^^^^^^^^^^^^^^^^^^^^^^^^^^^^^^^^^^^^^^^^^^^^^^^^^^\n  File \"C:\\Users\\Admin\\Desktop\\School\\COMP3901\\capstone\\backend\\rag\\venv\\Lib\\site-packages\\langchain_core\\runnables\\base.py\", line 3034, in invoke\n    input = context.run(step.invoke, input, config)\n            ^^^^^^^^^^^^^^^^^^^^^^^^^^^^^^^^^^^^^^^\n  File \"C:\\Users\\Admin\\Desktop\\School\\COMP3901\\capstone\\backend\\rag\\venv\\Lib\\site-packages\\langchain_core\\output_parsers\\base.py\", line 196, in invoke\n    return self._call_with_config(\n           ^^^^^^^^^^^^^^^^^^^^^^^\n  File \"C:\\Users\\Admin\\Desktop\\School\\COMP3901\\capstone\\backend\\rag\\venv\\Lib\\site-packages\\langchain_core\\runnables\\base.py\", line 1930, in _call_with_config\n    context.run(\n  File \"C:\\Users\\Admin\\Desktop\\School\\COMP3901\\capstone\\backend\\rag\\venv\\Lib\\site-packages\\langchain_core\\runnables\\config.py\", line 428, in call_func_with_variable_args\n    return func(input, **kwargs)  # type: ignore[call-arg]\n           ^^^^^^^^^^^^^^^^^^^^^\n  File \"C:\\Users\\Admin\\Desktop\\School\\COMP3901\\capstone\\backend\\rag\\venv\\Lib\\site-packages\\langchain_core\\output_parsers\\base.py\", line 197, in <lambda>\n    lambda inner_input: self.parse_result(\n                        ^^^^^^^^^^^^^^^^^^\n  File \"C:\\Users\\Admin\\Desktop\\School\\COMP3901\\capstone\\backend\\rag\\venv\\Lib\\site-packages\\langchain_core\\output_parsers\\json.py\", line 89, in parse_result\n    raise OutputParserException(msg, llm_output=text) from e\nlangchain_core.exceptions.OutputParserException: Invalid json output: ```\njson\n{\n    \"Section\": 1,\n    \"Feedback\": \"The student shows a lack of understanding of the functions of a network interface card.\"\n}\n```\nFor troubleshooting, visit: https://python.langchain.com/docs/troubleshooting/errors/OUTPUT_PARSING_FAILURE \n"
}
{
    "error": "Unhandled exception during processing: Expecting ',' delimiter: line 1 column 96 (char 95)",
    "trace": "Traceback (most recent call last):\n  File \"C:\\Users\\Admin\\Desktop\\School\\COMP3901\\capstone\\backend\\rag\\main.py\", line 339, in <module>\n    result = json.loads(str(cleaned))\n             ^^^^^^^^^^^^^^^^^^^^^^^^\n  File \"C:\\Users\\Admin\\AppData\\Local\\Programs\\Python\\Python312\\Lib\\json\\__init__.py\", line 346, in loads\n    return _default_decoder.decode(s)\n           ^^^^^^^^^^^^^^^^^^^^^^^^^^\n  File \"C:\\Users\\Admin\\AppData\\Local\\Programs\\Python\\Python312\\Lib\\json\\decoder.py\", line 338, in decode\n    obj, end = self.raw_decode(s, idx=_w(s, 0).end())\n               ^^^^^^^^^^^^^^^^^^^^^^^^^^^^^^^^^^^^^^\n  File \"C:\\Users\\Admin\\AppData\\Local\\Programs\\Python\\Python312\\Lib\\json\\decoder.py\", line 354, in raw_decode\n    obj, end = self.scan_once(s, idx)\n               ^^^^^^^^^^^^^^^^^^^^^^\njson.decoder.JSONDecodeError: Expecting ',' delimiter: line 1 column 96 (char 95)\n"
}
{
    "error": "Unhandled exception during processing: Expecting ',' delimiter: line 1 column 98 (char 97)",
    "trace": "Traceback (most recent call last):\n  File \"C:\\Users\\Admin\\Desktop\\School\\COMP3901\\capstone\\backend\\rag\\main.py\", line 339, in <module>\n    result = json.loads(str(cleaned))\n             ^^^^^^^^^^^^^^^^^^^^^^^^\n  File \"C:\\Users\\Admin\\AppData\\Local\\Programs\\Python\\Python312\\Lib\\json\\__init__.py\", line 346, in loads\n    return _default_decoder.decode(s)\n           ^^^^^^^^^^^^^^^^^^^^^^^^^^\n  File \"C:\\Users\\Admin\\AppData\\Local\\Programs\\Python\\Python312\\Lib\\json\\decoder.py\", line 338, in decode\n    obj, end = self.raw_decode(s, idx=_w(s, 0).end())\n               ^^^^^^^^^^^^^^^^^^^^^^^^^^^^^^^^^^^^^^\n  File \"C:\\Users\\Admin\\AppData\\Local\\Programs\\Python\\Python312\\Lib\\json\\decoder.py\", line 354, in raw_decode\n    obj, end = self.scan_once(s, idx)\n               ^^^^^^^^^^^^^^^^^^^^^^\njson.decoder.JSONDecodeError: Expecting ',' delimiter: line 1 column 98 (char 97)\n"
}
